// Jest Snapshot v1, https://goo.gl/fbAQLP

exports[`renders Loader component correctly  1`] = `
<DocumentFragment>
  <div
    class="container"
    data-testid="loader"
  >
    <i
      class="loading"
      type="icon-spinner animate-spin"
    />
  </div>
</DocumentFragment>
`;
