// Jest Snapshot v1, https://goo.gl/fbAQLP

exports[`renders Explore component correctly  1`] = `
<DocumentFragment>
  <div
    class="makeStyles-explore-1"
  >
    <div
      class="makeStyles-title-2"
    >
      <h3
        class="MuiTypography-root makeStyles-title-2 MuiTypography-h3"
      >
        Explore
      </h3>
    </div>
    <div
      class="makeStyles-filters-4"
    >
      <form
        class="makeStyles-searchForm-5"
      >
        <input
          class="makeStyles-field-6"
          name="ukuusearch"
          placeholder="Search item"
          type="text"
        />
        <svg
          aria-hidden="true"
          class="MuiSvgIcon-root makeStyles-icon-7"
          focusable="false"
          viewBox="0 0 24 24"
        >
          <path
            d="M15.5 14h-.79l-.28-.27C15.41 12.59 16 11.11 16 9.5 16 5.91 13.09 3 9.5 3S3 5.91 3 9.5 5.91 16 9.5 16c1.61 0 3.09-.59 4.23-1.57l.27.28v.79l5 4.99L20.49 19l-4.99-5zm-6 0C7.01 14 5 11.99 5 9.5S7.01 5 9.5 5 14 7.01 14 9.5 11.99 14 9.5 14z"
          />
        </svg>
      </form>
    </div>
    <div
      class="infinite-scroll-component__outerdiv"
    >
      <div
        class="infinite-scroll-component makeStyles-universities-3"
        style="height: auto; overflow: auto;"
      >
        <div
          class="makeStyles-universities-3"
        />
        <div
          class="container"
          data-testid="loader"
        >
          <i
            class="loading"
            type="icon-spinner animate-spin"
          />
        </div>
      </div>
    </div>
  </div>
</DocumentFragment>
`;
